2026-02-05 10:33:30,953 - prep - INFO - Logger inicializado. Archivo: C:\Users\emil_\Downloads\Emi-y-Mora\artifacts\logs\prep_20260205_103330.log
2026-02-05 10:33:30,953 - prep - INFO - Inicio del script prep.py
2026-02-05 10:33:30,953 - prep - INFO - Cargando datos raw...
2026-02-05 10:33:31,884 - prep - INFO - sales_train: 2,935,849 filas
2026-02-05 10:33:31,885 - prep - INFO - items:       22,170 filas
2026-02-05 10:33:31,885 - prep - INFO - test:        214,200 filas
2026-02-05 10:33:31,885 - prep - INFO - Creando date features (year, month, date_block_num)...
2026-02-05 10:33:32,344 - prep - INFO - date_block_num max en train: 33
2026-02-05 10:33:32,356 - prep - INFO - Agregando diario -> mensual (target)...
2026-02-05 10:33:32,986 - prep - INFO - monthly: 1,609,124 filas (mes, tienda, item)
2026-02-05 10:33:32,986 - prep - INFO - Clipping aplicado a item_cnt_month: [0, 20]
2026-02-05 10:33:32,986 - prep - INFO - Construyendo grid completo (para incluir ceros)...
2026-02-05 10:33:45,306 - prep - INFO - matrix (con ceros): 10,913,850 filas
2026-02-05 10:33:45,322 - prep - INFO - Agregando categoría (item_category_id)...
2026-02-05 10:33:46,156 - prep - INFO - Agregando estacionalidad (month, year)...
2026-02-05 10:33:46,472 - prep - INFO - Agregando lags del target: [1, 2, 3, 6, 12]
2026-02-05 10:34:12,693 - prep - INFO - Agregado por tienda (mean mensual) + lags
2026-02-05 10:34:42,170 - prep - INFO - Agregado por item (mean mensual) + lags
2026-02-05 10:35:14,793 - prep - INFO - Lags y agregados listos
2026-02-05 10:35:14,805 - prep - INFO - Preparando test_matrix (mes 34)...
2026-02-05 10:35:14,844 - prep - INFO - test_matrix: 214,200 filas
2026-02-05 10:35:14,845 - prep - INFO - Construyendo all_data (train+test) para que tengan mismas features...
2026-02-05 10:35:15,043 - prep - INFO - Agregando lags a all_data (para que el test también tenga lags)...
2026-02-05 10:35:41,834 - prep - INFO - Split temporal listo
2026-02-05 10:35:41,850 - prep - INFO - X_train: (10675678, 11) | y_train: (10675678,)
2026-02-05 10:35:41,850 - prep - INFO - X_valid: (238172, 11) | y_valid: (238172,)
2026-02-05 10:35:41,850 - prep - INFO - X_test:  (214200, 11)
2026-02-05 10:35:41,928 - prep - INFO - Guardando outputs (data/prep y data/inference)...
2026-02-05 10:36:14,163 - prep - INFO - Listo: CSV creados en data/prep/ y data/inference/
2026-02-05 10:36:14,163 - prep - INFO - prep.py terminado correctamente en 163.21 segundos
